// Jest Snapshot v1, https://goo.gl/fbAQLP

exports[`Pagination component Matches snapshot 1`] = `
<div>
  <div
    class="css-fne6jm"
    role="list"
  >
    <p
      class="chakra-text css-0"
    >
      Page 
      2
       of 
      5
    </p>
    <div
      class="css-17xejub"
    />
    <div
      class="css-0"
    >
      <button
        class="chakra-button paginationItem css-4xx2wk"
        type="button"
      >
        <svg
          class="chakra-icon css-onkibi"
          focusable="false"
          viewBox="0 0 24 24"
        >
          <path
            d="M15.41 7.41L14 6l-6 6 6 6 1.41-1.41L10.83 12z"
            fill="currentColor"
          />
        </svg>
        Previous
      </button>
      <button
        class="chakra-button paginationItem css-1n8hau1"
        role="button"
        type="button"
      >
        1
      </button>
      <button
        class="chakra-button paginationItem css-93kc5l"
        role="button"
        type="button"
      >
        2
      </button>
      <button
        class="chakra-button paginationItem css-1n8hau1"
        role="button"
        type="button"
      >
        3
      </button>
      <button
        class="chakra-button paginationItem css-1n8hau1"
        role="button"
        type="button"
      >
        4
      </button>
      <button
        class="chakra-button paginationItem css-1n8hau1"
        role="button"
        type="button"
      >
        5
      </button>
      <button
        class="chakra-button paginationItem css-1d6mcmw"
        type="button"
      >
        Next 
        <svg
          class="chakra-icon css-onkibi"
          focusable="false"
          viewBox="0 0 24 24"
        >
          <path
            d="M10 6L8.59 7.41 13.17 12l-4.58 4.59L10 18l6-6z"
            fill="currentColor"
          />
        </svg>
      </button>
    </div>
  </div>
</div>
`;
