// Jest Snapshot v1, https://goo.gl/fbAQLP

exports[`Logo component Matches snapshot 1`] = `
<div>
  <div
    class="css-4g6ai3"
  >
    <span
      style="box-sizing: border-box; display: block; overflow: hidden; background: none; opacity: 1; border: 0px; margin: 0px; padding: 0px; position: relative;"
    >
      <span
        style="box-sizing: border-box; display: block; background: none; opacity: 1; border: 0px; margin: 0px; padding: 25% 0px 0px 0px;"
      />
      <img
        alt="49th Shelf"
        data-nimg="responsive"
        decoding="async"
        sizes="100vw"
        src="/_next/image?url=/images/logo.png&w=3840&q=75"
        srcset="/_next/image?url=/images/logo.png&w=640&q=75 640w, /_next/image?url=/images/logo.png&w=750&q=75 750w, /_next/image?url=/images/logo.png&w=828&q=75 828w, /_next/image?url=/images/logo.png&w=1080&q=75 1080w, /_next/image?url=/images/logo.png&w=1200&q=75 1200w, /_next/image?url=/images/logo.png&w=1920&q=75 1920w, /_next/image?url=/images/logo.png&w=2048&q=75 2048w, /_next/image?url=/images/logo.png&w=3840&q=75 3840w"
        style="position: absolute; top: 0px; left: 0px; bottom: 0px; right: 0px; box-sizing: border-box; padding: 0px; margin: auto; display: block; width: 0px; height: 0px; min-width: 100%; max-width: 100%; min-height: 100%; max-height: 100%; background-size: cover; background-position: 0% 0%; filter: blur(20px); background-image: url(/_next/image?url=/images/logo.png&w=16&q=1);"
      />
      <noscript />
    </span>
  </div>
</div>
`;
